// Jest Snapshot v1, https://goo.gl/fbAQLP

exports[`executableFile option should emit error: errors 1`] = `
[
  "ModuleBuildError: Module build failed (from \`replaced original path\`):
Error: Unable to require "/test/fixtures/error-require.js": Error: This is a typical require() error",
]
`;

exports[`executableFile option should emit error: warnings 1`] = `[]`;

exports[`executableFile option should work with commonjs format: errors 1`] = `[]`;

exports[`executableFile option should work with commonjs format: result 1`] = `
"{
  "content": "module.exports = 315360000000",
  "map": null,
  "meta": null,
  "dependencies": [
    "test/fixtures/data.json"
  ],
  "contextDependencies": [],
  "buildDependencies": []
}"
`;

exports[`executableFile option should work with commonjs format: warnings 1`] = `[]`;
