// Jest Snapshot v1, https://goo.gl/fbAQLP

exports[`executableFile option should emit error: errors 1`] = `
Array [
  "ModuleBuildError: Module build failed (from \`replaced original path\`):
Error: Unable to require \\"/test/fixtures/error-require.js\\": Error: This is a typical require() error",
  "ChunkRenderError: Cannot read property 'get' of undefined
during rendering of asset /test/helpers/helperLoader.js!/src/index.js??ruleSet[1].rules[0].rules[1]!/test/fixtures/data.json",
]
`;

exports[`executableFile option should emit error: warnings 1`] = `Array []`;

exports[`executableFile option should work with commonjs format: errors 1`] = `Array []`;

exports[`executableFile option should work with commonjs format: result 1`] = `
"{
  \\"content\\": \\"module.exports = 315360000000\\",
  \\"map\\": null,
  \\"meta\\": null,
  \\"dependencies\\": [
    \\"test/fixtures/data.json\\"
  ],
  \\"contextDependencies\\": [],
  \\"buildDependencies\\": []
}"
`;

exports[`executableFile option should work with commonjs format: warnings 1`] = `Array []`;
